#-----------------------------------------------------------
# Vivado v2016.1 (64-bit)
# SW Build 1538259 on Fri Apr  8 15:45:27 MDT 2016
# IP Build 1537824 on Fri Apr  8 04:28:57 MDT 2016
# Start of session at: Fri Jan 20 14:10:13 2023
# Process ID: 21872
# Current directory: C:/Users/Michael/Desktop/Elektronik/Wintersemester_2022/CHIP/vga_controller/generate/managed_ip_project
# Command line: vivado.exe -gui_launcher_event rodinguilauncherevent15232 C:\Users\Michael\Desktop\Elektronik\Wintersemester_2022\CHIP\vga_controller\generate\managed_ip_project\managed_ip_project.xpr
# Log file: C:/Users/Michael/Desktop/Elektronik/Wintersemester_2022/CHIP/vga_controller/generate/managed_ip_project/vivado.log
# Journal file: C:/Users/Michael/Desktop/Elektronik/Wintersemester_2022/CHIP/vga_controller/generate/managed_ip_project\vivado.jou
#-----------------------------------------------------------
start_gui
open_project C:/Users/Michael/Desktop/Elektronik/Wintersemester_2022/CHIP/vga_controller/generate/managed_ip_project/managed_ip_project.xpr
delete_ip_run [get_files -of_objects [get_fileset rom_mem_1] C:/Users/Michael/Desktop/Elektronik/Wintersemester_2022/CHIP/vga_controller/generate/rom_mem_1/rom_mem_1.xci]
set_property generate_synth_checkpoint false [get_files  C:/Users/Michael/Desktop/Elektronik/Wintersemester_2022/CHIP/vga_controller/generate/rom_mem_1/rom_mem_1.xci]
delete_ip_run [get_files -of_objects [get_fileset rom_mem_2] C:/Users/Michael/Desktop/Elektronik/Wintersemester_2022/CHIP/vga_controller/generate/rom_mem_2/rom_mem_2.xci]
set_property generate_synth_checkpoint false [get_files  C:/Users/Michael/Desktop/Elektronik/Wintersemester_2022/CHIP/vga_controller/generate/rom_mem_2/rom_mem_2.xci]
delete_ip_run [get_files -of_objects [get_fileset clk_25Mhz] C:/Users/Michael/Desktop/Elektronik/Wintersemester_2022/CHIP/vga_controller/generate/clk_25Mhz/clk_25Mhz.xci]
set_property generate_synth_checkpoint false [get_files  C:/Users/Michael/Desktop/Elektronik/Wintersemester_2022/CHIP/vga_controller/generate/clk_25Mhz/clk_25Mhz.xci]
generate_target all [get_files  {C:/Users/Michael/Desktop/Elektronik/Wintersemester_2022/CHIP/vga_controller/generate/rom_mem_1/rom_mem_1.xci C:/Users/Michael/Desktop/Elektronik/Wintersemester_2022/CHIP/vga_controller/generate/rom_mem_2/rom_mem_2.xci C:/Users/Michael/Desktop/Elektronik/Wintersemester_2022/CHIP/vga_controller/generate/clk_25Mhz/clk_25Mhz.xci}]
export_ip_user_files -of_objects [get_files C:/Users/Michael/Desktop/Elektronik/Wintersemester_2022/CHIP/vga_controller/generate/rom_mem_1/rom_mem_1.xci] -no_script -force -quiet
export_ip_user_files -of_objects [get_files C:/Users/Michael/Desktop/Elektronik/Wintersemester_2022/CHIP/vga_controller/generate/rom_mem_2/rom_mem_2.xci] -no_script -force -quiet
export_ip_user_files -of_objects [get_files C:/Users/Michael/Desktop/Elektronik/Wintersemester_2022/CHIP/vga_controller/generate/clk_25Mhz/clk_25Mhz.xci] -no_script -force -quiet
export_simulation -of_objects [get_files C:/Users/Michael/Desktop/Elektronik/Wintersemester_2022/CHIP/vga_controller/generate/rom_mem_1/rom_mem_1.xci] -directory C:/Users/Michael/Desktop/Elektronik/Wintersemester_2022/CHIP/vga_controller/generate/ip_user_files/sim_scripts -ip_user_files_dir C:/Users/Michael/Desktop/Elektronik/Wintersemester_2022/CHIP/vga_controller/generate/ip_user_files -ipstatic_source_dir C:/Users/Michael/Desktop/Elektronik/Wintersemester_2022/CHIP/vga_controller/generate/ip_user_files/ipstatic -force -quiet
export_simulation -of_objects [get_files C:/Users/Michael/Desktop/Elektronik/Wintersemester_2022/CHIP/vga_controller/generate/rom_mem_2/rom_mem_2.xci] -directory C:/Users/Michael/Desktop/Elektronik/Wintersemester_2022/CHIP/vga_controller/generate/ip_user_files/sim_scripts -ip_user_files_dir C:/Users/Michael/Desktop/Elektronik/Wintersemester_2022/CHIP/vga_controller/generate/ip_user_files -ipstatic_source_dir C:/Users/Michael/Desktop/Elektronik/Wintersemester_2022/CHIP/vga_controller/generate/ip_user_files/ipstatic -force -quiet
export_simulation -of_objects [get_files C:/Users/Michael/Desktop/Elektronik/Wintersemester_2022/CHIP/vga_controller/generate/clk_25Mhz/clk_25Mhz.xci] -directory C:/Users/Michael/Desktop/Elektronik/Wintersemester_2022/CHIP/vga_controller/generate/ip_user_files/sim_scripts -ip_user_files_dir C:/Users/Michael/Desktop/Elektronik/Wintersemester_2022/CHIP/vga_controller/generate/ip_user_files -ipstatic_source_dir C:/Users/Michael/Desktop/Elektronik/Wintersemester_2022/CHIP/vga_controller/generate/ip_user_files/ipstatic -force -quiet
